/ Journal File for GAMBIT 2.4.6, Database 2.4.4, lnamd64 SP2007051420
/ Identifier "default_id"
/ File opened for write Wed Feb 16 08:26:39 2011.
solver select "Generic"
vertex create coordinates 0 0 0
vertex create coordinates 0.031115 0 0
vertex create coordinates 0 0.031115 0
vertex create coordinates 0.016986 0.01001 0
vertex create coordinates 0.016986 -0.01001 0
vertex create coordinates -0.016986 0.01001 0
vertex create coordinates -0.016986 -0.01001 0

vertex create coordinates 0.014986 0.008001 0
vertex create coordinates 0.014986 -0.008001 0
vertex create coordinates -0.014986 0.008001 0
vertex create coordinates -0.014986 -0.008001 0
vertex create coordinates 0.012986 0.006001 0
vertex create coordinates 0.012986 -0.006001 0
vertex create coordinates -0.012986 0.006001 0
vertex create coordinates -0.012986 -0.006001 0

edge create straight "vertex.4" "vertex.5" "vertex.7" "vertex.6" "vertex.4"
edge create straight "vertex.8" "vertex.9" "vertex.11" "vertex.10" "vertex.8"
edge create straight "vertex.12" "vertex.13" "vertex.15" "vertex.14" "vertex.12"
edge create fillet "edge.1" "edge.2" parameters 0.5 0.5 radius 0.00835 trim
edge create fillet "edge.2" "edge.3" parameters 0.5 0.5 radius 0.00835 trim
edge create fillet "edge.3" "edge.4" parameters 0.1 0.5 radius 0.00835 trim
edge create fillet "edge.1" "edge.4" parameters 0.9 0.5 radius 0.00835 trim

edge create fillet "edge.5" "edge.6" parameters 0.5 0.5 radius 0.00635 trim
edge create fillet "edge.6" "edge.7" parameters 0.5 0.5 radius 0.00635 trim
edge create fillet "edge.7" "edge.8" parameters 0.1 0.5 radius 0.00635 trim
edge create fillet "edge.5" "edge.8" parameters 0.9 0.5 radius 0.00635 trim

edge create fillet "edge.9" "edge.10" parameters 0.5 0.5 radius 0.00435 trim
edge create fillet "edge.10" "edge.11" parameters 0.5 0.5 radius 0.00435 trim
edge create fillet "edge.11" "edge.12" parameters 0.1 0.5 radius 0.00435 trim
edge create fillet "edge.9" "edge.12" parameters 0.9 0.5 radius 0.00435 trim

face create center2points "vertex.1" "vertex.2" "vertex.3" circle
face create wireframe "edge.1" "edge.2" "edge.3" "edge.4" "edge.13" "edge.14" "edge.15" "edge.16" real
face create wireframe "edge.5" "edge.6" "edge.7" "edge.8" "edge.17" "edge.18" "edge.19" "edge.20" real
face create wireframe "edge.9" "edge.10" "edge.11" "edge.12" "edge.21" "edge.22" "edge.23" "edge.24" real

face subtract "face.1" faces "face.2" keeptool
face subtract "face.2" faces "face.3" keeptool
face subtract "face.3" faces "face.4" keeptool

edge mesh "edge.1" "edge.2" "edge.3" "edge.4" "edge.13" "edge.14" "edge.15" "edge.16" successive ratio1 1 size 0.002
edge link "edge.1"  "edge.38" directions 0 0 periodic
edge link "edge.2"  "edge.34" directions 0 0 periodic
edge link "edge.3"  "edge.37" directions 0 0 periodic
edge link "edge.4"  "edge.41" directions 0 0 periodic
edge link "edge.13" "edge.36" directions 0 0 periodic
edge link "edge.14" "edge.35" directions 0 0 periodic
edge link "edge.15" "edge.39" directions 0 0 periodic
edge link "edge.16" "edge.40" directions 0 0 periodic

edge mesh "edge.5" "edge.6" "edge.7" "edge.8" "edge.17" "edge.18" "edge.19" "edge.20" successive ratio1 1 size 0.0005
edge link "edge.5"  "edge.54" directions 0 0 periodic
edge link "edge.6"  "edge.50" directions 0 0 periodic
edge link "edge.7"  "edge.53" directions 0 0 periodic
edge link "edge.8"  "edge.57" directions 0 0 periodic
edge link "edge.17" "edge.52" directions 0 0 periodic
edge link "edge.18" "edge.51" directions 0 0 periodic
edge link "edge.19" "edge.55" directions 0 0 periodic
edge link "edge.20" "edge.56" directions 0 0 periodic

edge mesh "edge.9" "edge.10" "edge.11" "edge.12" "edge.21" "edge.22" "edge.23" "edge.24"  successive ratio1 1 size 0.0015
edge link "edge.9"  "edge.70" directions 0 0 periodic
edge link "edge.10" "edge.66" directions 0 0 periodic
edge link "edge.11" "edge.69" directions 0 0 periodic
edge link "edge.12" "edge.73" directions 0 0 periodic
edge link "edge.21" "edge.68" directions 0 0 periodic
edge link "edge.22" "edge.67" directions 0 0 periodic
edge link "edge.23" "edge.71" directions 0 0 periodic
edge link "edge.24" "edge.72" directions 0 0 periodic

edge mesh "edge.25" successive ratio1 1 size 0.002

face mesh "face.4" pave
face mesh "face.3" triangle
face mesh "face.2" triangle
face mesh "face.1" pave

volume create translate "face.1" "face.2" "face.3" "face.4" vector 0 0 0.036068
/volume mesh "volume.4" intervals 40
/volume mesh "volume.3" intervals 40
/volume mesh "volume.2" intervals 40
/volume mesh "volume.1" intervals 40

/physics create "Exterior" btype "ELEMENT_SIDE" face "face.1" "face.2" "face.3" "face.4" "face.10" "face.14" "face.31" "face.48" "face.57"

/physics create "Interior1A" btype "ELEMENT_SIDE" face "face.5" "face.6" "face.7" "face.8" "face.9" "face.11" "face.12" "face.13"
/physics create "Interior1B" btype "ELEMENT_SIDE" face "face.14"
/physics create "Interior2A" btype "ELEMENT_SIDE" face "face.8"
/physics create "Interior2B" btype "ELEMENT_SIDE" face "face.12"
/physics create "Interior3A" btype "ELEMENT_SIDE" face "face.5"
/physics create "Interior3B" btype "ELEMENT_SIDE" face "face.9"



